[0m21:29:47.168786 [debug] [MainThread]: Sending event: {'category': 'dbt', 'action': 'invocation', 'label': 'start', 'context': [<snowplow_tracker.self_describing_json.SelfDescribingJson object at 0x7a4af4b142e0>, <snowplow_tracker.self_describing_json.SelfDescribingJson object at 0x7a4af355f850>, <snowplow_tracker.self_describing_json.SelfDescribingJson object at 0x7a4af355f7f0>]}


============================== 21:29:47.205560 | 01d06e7e-0080-422c-a1f0-f9292641db8c ==============================
[0m21:29:47.205560 [info ] [MainThread]: Running with dbt=1.12.2
[0m21:29:47.214484 [debug] [MainThread]: running dbt with arguments {'hints_enabled': 'True', 'warn_error': 'None', 'invocation_command': 'dbt init my_project', 'introspect': 'True', 'log_cache_events': 'False', 'quiet': 'False', 'warn_error_options': 'WarnErrorOptionsV2(error=[], warn=[], silence=[])', 'send_anonymous_usage_stats': 'True', 'cache_selected_only': 'False', 'maximum_seed_size_mib': '1', 'indirect_selection': 'eager', 'debug': 'False', 'profiles_dir': '/home/eddy/.dbt', 'use_colors': 'True', 'log_path': 'logs', 'target_path': 'None', 'partial_parse': 'True', 'static_parser': 'True', 'empty': 'None', 'fail_fast': 'False', 'version_check': 'True', 'log_format': 'default', 'write_json': 'True', 'no_print': 'None', 'printer_width': '80', 'use_experimental_parser': 'False'}
[0m21:29:47.817216 [debug] [MainThread]: Starter project path: /home/eddy/.pyenv/versions/3.10.4/envs/demo_dbt/lib/python3.10/site-packages/dbt/include/starter_project
[0m21:29:48.297753 [info ] [MainThread]: Setting up your profile.
[0m21:32:05.211649 [info ] [MainThread]: Profile my_project written to /home/eddy/.dbt/profiles.yml using target's profile_template.yml and your supplied values.
[0m21:32:05.654788 [info ] [MainThread]: Running dbt debug to validate the project...
[0m21:32:05.875858 [info ] [MainThread]: dbt version: 1.12.2
[0m21:32:05.881135 [info ] [MainThread]: python version: 3.10.4
[0m21:32:05.899924 [info ] [MainThread]: python path: /home/eddy/.pyenv/versions/3.10.4/envs/demo_dbt/bin/python
[0m21:32:05.912573 [info ] [MainThread]: os info: Linux-6.18.33.2-microsoft-standard-WSL2-x86_64-with-glibc2.35
[0m21:32:06.556868 [info ] [MainThread]: Using profiles dir at /home/eddy/.dbt
[0m21:32:06.559842 [info ] [MainThread]: Using profiles.yml file at /home/eddy/.dbt/profiles.yml
[0m21:32:06.561573 [info ] [MainThread]: Using dbt_project.yml file at /home/eddy/projects/elt/dbt-postgres-airflow/dbt/my_project/dbt_project.yml
[0m21:32:06.578933 [info ] [MainThread]: adapter type: postgres
[0m21:32:06.580886 [info ] [MainThread]: adapter version: 1.11.0
[0m21:32:07.205969 [info ] [MainThread]: Configuration:
[0m21:32:07.207456 [info ] [MainThread]:   profiles.yml file [[32mOK found and valid[0m]
[0m21:32:07.209262 [info ] [MainThread]:   dbt_project.yml file [[32mOK found and valid[0m]
[0m21:32:07.210412 [info ] [MainThread]: Required dependencies:
[0m21:32:07.214402 [debug] [MainThread]: Executing "git --help"
[0m21:32:07.244686 [debug] [MainThread]: STDOUT: "b"usage: git [--version] [--help] [-C <path>] [-c <name>=<value>]\n           [--exec-path[=<path>]] [--html-path] [--man-path] [--info-path]\n           [-p | --paginate | -P | --no-pager] [--no-replace-objects] [--bare]\n           [--git-dir=<path>] [--work-tree=<path>] [--namespace=<name>]\n           [--super-prefix=<path>] [--config-env=<name>=<envvar>]\n           <command> [<args>]\n\nThese are common Git commands used in various situations:\n\nstart a working area (see also: git help tutorial)\n   clone     Clone a repository into a new directory\n   init      Create an empty Git repository or reinitialize an existing one\n\nwork on the current change (see also: git help everyday)\n   add       Add file contents to the index\n   mv        Move or rename a file, a directory, or a symlink\n   restore   Restore working tree files\n   rm        Remove files from the working tree and from the index\n\nexamine the history and state (see also: git help revisions)\n   bisect    Use binary search to find the commit that introduced a bug\n   diff      Show changes between commits, commit and working tree, etc\n   grep      Print lines matching a pattern\n   log       Show commit logs\n   show      Show various types of objects\n   status    Show the working tree status\n\ngrow, mark and tweak your common history\n   branch    List, create, or delete branches\n   commit    Record changes to the repository\n   merge     Join two or more development histories together\n   rebase    Reapply commits on top of another base tip\n   reset     Reset current HEAD to the specified state\n   switch    Switch branches\n   tag       Create, list, delete or verify a tag object signed with GPG\n\ncollaborate (see also: git help workflows)\n   fetch     Download objects and refs from another repository\n   pull      Fetch from and integrate with another repository or a local branch\n   push      Update remote refs along with associated objects\n\n'git help -a' and 'git help -g' list available subcommands and some\nconcept guides. See 'git help <command>' or 'git help <concept>'\nto read about a specific subcommand or concept.\nSee 'git help git' for an overview of the system.\n""
[0m21:32:07.246488 [debug] [MainThread]: STDERR: "b''"
[0m21:32:07.247776 [info ] [MainThread]:  - git [[32mOK found[0m]

[0m21:32:07.249509 [info ] [MainThread]: Connection:
[0m21:32:07.256463 [info ] [MainThread]:   host: localhost
[0m21:32:07.262839 [info ] [MainThread]:   port: 5000
[0m21:32:07.265570 [info ] [MainThread]:   user: dw_user
[0m21:32:07.268256 [info ] [MainThread]:   database: dw
[0m21:32:07.270695 [info ] [MainThread]:   schema: dev
[0m21:32:07.273526 [info ] [MainThread]:   connect_timeout: 10
[0m21:32:07.276043 [info ] [MainThread]:   role: None
[0m21:32:07.277505 [info ] [MainThread]:   search_path: None
[0m21:32:07.280788 [info ] [MainThread]:   keepalives_idle: 0
[0m21:32:07.284481 [info ] [MainThread]:   sslmode: None
[0m21:32:07.287211 [info ] [MainThread]:   sslcert: None
[0m21:32:07.292501 [info ] [MainThread]:   sslkey: None
[0m21:32:07.297439 [info ] [MainThread]:   sslrootcert: None
[0m21:32:07.300743 [info ] [MainThread]:   application_name: dbt
[0m21:32:07.304827 [info ] [MainThread]:   autocommit: False
[0m21:32:07.316688 [info ] [MainThread]:   retries: 1
[0m21:32:07.334531 [info ] [MainThread]: Registered adapter: postgres=1.11.0
[0m21:32:08.266373 [debug] [MainThread]: Acquiring new postgres connection 'debug'
[0m21:32:10.857099 [debug] [MainThread]: Using postgres connection "debug"
[0m21:32:10.858324 [debug] [MainThread]: On debug: select 1 as id
[0m21:32:10.859666 [debug] [MainThread]: Opening a new connection, currently in state init
[0m21:32:10.896466 [debug] [MainThread]: Postgres adapter: Got a retryable error when attempting to open a postgres connection.
1 attempts remaining. Retrying in 0 seconds.
Error:
connection to server at "localhost" (127.0.0.1), port 5000 failed: Connection refused
	Is the server running on that host and accepting TCP/IP connections?

[0m21:32:10.900533 [debug] [MainThread]: Postgres adapter: Error running SQL: select 1 as id
[0m21:32:10.901758 [debug] [MainThread]: Postgres adapter: Rolling back transaction.
[0m21:32:10.903192 [debug] [MainThread]: On debug: No close available on handle
[0m21:32:10.904443 [info ] [MainThread]:   Connection test: [[31mERROR[0m]

[0m21:32:10.905822 [info ] [MainThread]: [31m1 check failed:[0m
[0m21:32:10.907122 [info ] [MainThread]: dbt was unable to connect to the specified database.
The database returned the following error:

  >Database Error
  connection to server at "localhost" (127.0.0.1), port 5000 failed: Connection refused
  	Is the server running on that host and accepting TCP/IP connections?
  

Check your database credentials and try again. For more information, visit:
https://docs.getdbt.com/docs/configure-your-profile


[0m21:32:10.911219 [info ] [MainThread]: Your new dbt project "my_project" was created!
Initialized new project in /home/eddy/projects/elt/dbt-postgres-airflow/dbt/my_project/my_project

For more information on how to configure the profiles.yml file,
please consult the dbt documentation here:

  https://docs.getdbt.com/docs/configure-your-profile

One more thing:

Need help? Don't hesitate to reach out to us via GitHub issues or on Slack:

  https://community.getdbt.com/

Happy modeling!

[0m21:32:10.914422 [info ] [MainThread]: [31mYour profile may need adjustments. You can find the logs of `dbt debug` above[0m
[0m21:32:10.928168 [debug] [MainThread]: Resource report: {"command_name": "init", "command_success": true, "command_wall_clock_time": 144.28415, "process_in_blocks": "29992", "process_kernel_time": 6.372796, "process_mem_max_rss": "115104", "process_out_blocks": "96", "process_user_time": 13.673628}
[0m21:32:10.933187 [debug] [MainThread]: Command `dbt init` succeeded at 21:32:10.931032 after 144.29 seconds
[0m21:32:10.934932 [debug] [MainThread]: Connection 'debug' was properly closed.
[0m21:32:10.940903 [debug] [MainThread]: Sending event: {'category': 'dbt', 'action': 'invocation', 'label': 'end', 'context': [<snowplow_tracker.self_describing_json.SelfDescribingJson object at 0x7a4af4b142e0>, <snowplow_tracker.self_describing_json.SelfDescribingJson object at 0x7a4af3073a30>, <snowplow_tracker.self_describing_json.SelfDescribingJson object at 0x7a4af355fbe0>]}
[0m21:32:10.954556 [debug] [MainThread]: Flushing usage events
[0m21:32:11.836144 [debug] [MainThread]: An error was encountered while trying to flush usage events
[0m23:16:41.458059 [debug] [MainThread]: Sending event: {'category': 'dbt', 'action': 'invocation', 'label': 'start', 'context': [<snowplow_tracker.self_describing_json.SelfDescribingJson object at 0x755356ee03d0>, <snowplow_tracker.self_describing_json.SelfDescribingJson object at 0x755355784cd0>, <snowplow_tracker.self_describing_json.SelfDescribingJson object at 0x755355784c70>]}


============================== 23:16:41.526146 | 62dc463b-c57b-4e79-875a-0e9ce90b5544 ==============================
[0m23:16:41.526146 [info ] [MainThread]: Running with dbt=1.12.2
[0m23:16:41.555662 [debug] [MainThread]: running dbt with arguments {'cache_selected_only': 'False', 'write_json': 'True', 'invocation_command': 'dbt run', 'maximum_seed_size_mib': '1', 'warn_error_options': 'WarnErrorOptionsV2(error=[], warn=[], silence=[])', 'send_anonymous_usage_stats': 'True', 'warn_error': 'None', 'introspect': 'True', 'debug': 'False', 'empty': 'False', 'use_colors': 'True', 'profiles_dir': '/home/eddy/.dbt', 'target_path': 'None', 'indirect_selection': 'eager', 'quiet': 'False', 'hints_enabled': 'True', 'printer_width': '80', 'version_check': 'True', 'fail_fast': 'False', 'log_cache_events': 'False', 'log_path': 'logs', 'static_parser': 'True', 'no_print': 'None', 'partial_parse': 'True', 'log_format': 'default', 'use_experimental_parser': 'False'}
[0m23:16:41.564800 [error] [MainThread]: [[31mERROR[0m]: Encountered an error:
Runtime Error
  No dbt_project.yml found at expected path /home/eddy/projects/elt/dbt-postgres-airflow/dbt/dbt_project.yml
  Verify that each entry within packages.yml (and their transitive dependencies) contains a file named dbt_project.yml
  
[0m23:16:41.604764 [debug] [MainThread]: Resource report: {"command_name": "run", "command_success": false, "command_wall_clock_time": 3.6761243, "process_in_blocks": "106440", "process_kernel_time": 6.449002, "process_mem_max_rss": "104012", "process_out_blocks": "8", "process_user_time": 13.425994}
[0m23:16:41.616139 [debug] [MainThread]: Command `dbt run` failed at 23:16:41.613681 after 3.69 seconds
[0m23:16:41.622568 [debug] [MainThread]: Sending event: {'category': 'dbt', 'action': 'invocation', 'label': 'end', 'context': [<snowplow_tracker.self_describing_json.SelfDescribingJson object at 0x755356ee03d0>, <snowplow_tracker.self_describing_json.SelfDescribingJson object at 0x755355785480>, <snowplow_tracker.self_describing_json.SelfDescribingJson object at 0x755355784cd0>]}
[0m23:16:41.625498 [debug] [MainThread]: Flushing usage events
[0m23:16:42.901375 [debug] [MainThread]: An error was encountered while trying to flush usage events
[0m23:18:40.198307 [debug] [MainThread]: Sending event: {'category': 'dbt', 'action': 'invocation', 'label': 'start', 'context': [<snowplow_tracker.self_describing_json.SelfDescribingJson object at 0x7eeea5f203d0>, <snowplow_tracker.self_describing_json.SelfDescribingJson object at 0x7eeea47c0cd0>, <snowplow_tracker.self_describing_json.SelfDescribingJson object at 0x7eeea47c0c70>]}


============================== 23:18:41.246328 | 5d85286a-947c-4124-b2f4-0b07dd0a32c4 ==============================
[0m23:18:41.246328 [info ] [MainThread]: Running with dbt=1.12.2
[0m23:18:41.268986 [debug] [MainThread]: running dbt with arguments {'cache_selected_only': 'False', 'version_check': 'True', 'quiet': 'False', 'fail_fast': 'False', 'write_json': 'True', 'partial_parse': 'True', 'debug': 'False', 'profiles_dir': '/home/eddy/.dbt', 'hints_enabled': 'True', 'introspect': 'True', 'maximum_seed_size_mib': '1', 'invocation_command': 'dbt run', 'indirect_selection': 'eager', 'empty': 'False', 'target_path': 'None', 'no_print': 'None', 'use_experimental_parser': 'False', 'send_anonymous_usage_stats': 'True', 'warn_error_options': 'WarnErrorOptionsV2(error=[], warn=[], silence=[])', 'static_parser': 'True', 'log_cache_events': 'False', 'printer_width': '80', 'warn_error': 'None', 'log_format': 'default', 'use_colors': 'True', 'log_path': 'logs'}
[0m23:18:41.299029 [error] [MainThread]: [[31mERROR[0m]: Encountered an error:
Runtime Error
  No dbt_project.yml found at expected path /home/eddy/projects/elt/dbt-postgres-airflow/dbt/dbt_project.yml
  Verify that each entry within packages.yml (and their transitive dependencies) contains a file named dbt_project.yml
  
[0m23:18:41.348547 [debug] [MainThread]: Resource report: {"command_name": "run", "command_success": false, "command_wall_clock_time": 3.4946527, "process_in_blocks": "65752", "process_kernel_time": 9.097006, "process_mem_max_rss": "103240", "process_out_blocks": "8", "process_user_time": 13.509243}
[0m23:18:41.361993 [debug] [MainThread]: Command `dbt run` failed at 23:18:41.361110 after 3.51 seconds
[0m23:18:41.374764 [debug] [MainThread]: Sending event: {'category': 'dbt', 'action': 'invocation', 'label': 'end', 'context': [<snowplow_tracker.self_describing_json.SelfDescribingJson object at 0x7eeea5f203d0>, <snowplow_tracker.self_describing_json.SelfDescribingJson object at 0x7eeea47c1480>, <snowplow_tracker.self_describing_json.SelfDescribingJson object at 0x7eeea47c0cd0>]}
[0m23:18:41.382398 [debug] [MainThread]: Flushing usage events
[0m23:18:44.949504 [debug] [MainThread]: An error was encountered while trying to flush usage events
